C:/TouchGFXProjects/20481/Core/Src/main.c:863:13:SPI5_Write	1
C:/TouchGFXProjects/20481/Core/Src/main.c:975:6:StartDefaultTask	1
C:/TouchGFXProjects/20481/Core/Src/main.c:242:6:SystemClock_Config	1
C:/TouchGFXProjects/20481/Core/Src/main.c:150:5:main	2
C:/TouchGFXProjects/20481/Core/Src/main.c:707:6:IOE_Init	1
C:/TouchGFXProjects/20481/Core/Src/main.c:716:6:IOE_ITConfig	1
C:/TouchGFXProjects/20481/Core/Src/main.c:728:6:IOE_Write	1
C:/TouchGFXProjects/20481/Core/Src/main.c:739:9:IOE_Read	1
C:/TouchGFXProjects/20481/Core/Src/main.c:752:10:IOE_ReadMultiple	1
C:/TouchGFXProjects/20481/Core/Src/main.c:761:6:IOE_Delay	1
C:/TouchGFXProjects/20481/Core/Src/main.c:889:6:LCD_IO_Init	1
C:/TouchGFXProjects/20481/Core/Src/main.c:899:6:LCD_IO_WriteData	1
C:/TouchGFXProjects/20481/Core/Src/main.c:915:6:LCD_IO_WriteReg	1
C:/TouchGFXProjects/20481/Core/Src/main.c:934:10:LCD_IO_ReadData	1
C:/TouchGFXProjects/20481/Core/Src/main.c:961:6:LCD_Delay	1
C:/TouchGFXProjects/20481/Core/Src/main.c:994:6:HAL_TIM_PeriodElapsedCallback	2
C:/TouchGFXProjects/20481/Core/Src/main.c:1012:6:Error_Handler	1
