../../Middlewares/ST/touchgfx/framework/include/touchgfx/Screen.hpp:104:18:virtual void touchgfx::Screen::afterTransition()	0	static
../../Middlewares/ST/touchgfx/framework/include/touchgfx/Screen.hpp:154:18:virtual void touchgfx::Screen::handleKeyEvent(uint8_t)	0	static
C:/TouchGFXProjects/20481/TouchGFX/gui/src/chosing_mode_screen/Chosing_modeView.cpp:28:6:virtual void Chosing_modeView::tearDownScreen()	0	static
../../TouchGFX/gui/include/gui/chosing_mode_screen/Chosing_modeView.hpp:21:13:Chosing_modeView::~Chosing_modeView()	8	static
../../TouchGFX/gui/include/gui/chosing_mode_screen/Chosing_modeView.hpp:21:13:virtual Chosing_modeView::~Chosing_modeView()	8	static
C:/TouchGFXProjects/20481/TouchGFX/gui/src/chosing_mode_screen/Chosing_modeView.cpp:15:1:Chosing_modeView::Chosing_modeView()	8	static
C:/TouchGFXProjects/20481/TouchGFX/gui/src/chosing_mode_screen/Chosing_modeView.cpp:57:6:void Chosing_modeView::selectMode()	8	static
C:/TouchGFXProjects/20481/TouchGFX/gui/src/chosing_mode_screen/Chosing_modeView.cpp:124:6:void Chosing_modeView::onSelectMode()	0	static
C:/TouchGFXProjects/20481/TouchGFX/gui/src/chosing_mode_screen/Chosing_modeView.cpp:73:6:void Chosing_modeView::updateHighlight()	32	static
C:/TouchGFXProjects/20481/TouchGFX/gui/src/chosing_mode_screen/Chosing_modeView.cpp:21:6:virtual void Chosing_modeView::setupScreen()	8	static
C:/TouchGFXProjects/20481/TouchGFX/gui/src/chosing_mode_screen/Chosing_modeView.cpp:37:6:void Chosing_modeView::moveUp()	0	static
C:/TouchGFXProjects/20481/TouchGFX/gui/src/chosing_mode_screen/Chosing_modeView.cpp:108:6:void Chosing_modeView::onMoveUp()	0	static
C:/TouchGFXProjects/20481/TouchGFX/gui/src/chosing_mode_screen/Chosing_modeView.cpp:47:6:void Chosing_modeView::moveDown()	0	static
C:/TouchGFXProjects/20481/TouchGFX/gui/src/chosing_mode_screen/Chosing_modeView.cpp:116:6:void Chosing_modeView::onMoveDown()	0	static
