../../Middlewares/ST/touchgfx/framework/include/touchgfx/Screen.hpp:104:18:virtual void touchgfx::Screen::afterTransition()	0	static
../../Middlewares/ST/touchgfx/framework/include/touchgfx/Screen.hpp:154:18:virtual void touchgfx::Screen::handleKeyEvent(uint8_t)	0	static
C:/TouchGFXProjects/20481/TouchGFX/gui/src/gameoverscreen_screen/GameOverScreenView.cpp:26:6:virtual void GameOverScreenView::tearDownScreen()	0	static
../../TouchGFX/gui/include/gui/gameoverscreen_screen/GameOverScreenView.hpp:15:13:GameOverScreenView::~GameOverScreenView()	8	static
../../TouchGFX/gui/include/gui/gameoverscreen_screen/GameOverScreenView.hpp:15:13:virtual GameOverScreenView::~GameOverScreenView()	8	static
C:/TouchGFXProjects/20481/TouchGFX/gui/src/gameoverscreen_screen/GameOverScreenView.cpp:8:1:GameOverScreenView::GameOverScreenView()	8	static
C:/TouchGFXProjects/20481/TouchGFX/gui/src/gameoverscreen_screen/GameOverScreenView.cpp:44:6:void GameOverScreenView::onNavigateBack()	8	static
C:/TouchGFXProjects/20481/TouchGFX/gui/src/gameoverscreen_screen/GameOverScreenView.cpp:12:6:virtual void GameOverScreenView::setupScreen()	16	static
