../../TouchGFX/gui/include/gui/mainscreen_screen/MainScreenPresenter.hpp:38:13:MainScreenPresenter::~MainScreenPresenter()	0	static
C:/TouchGFXProjects/20481/TouchGFX/gui/src/mainscreen_screen/MainScreenPresenter.cpp:17:6:virtual void MainScreenPresenter::activate()	0	static
../../TouchGFX/gui/include/gui/mainscreen_screen/MainScreenPresenter.hpp:38:13:virtual MainScreenPresenter::~MainScreenPresenter()	8	static
C:/TouchGFXProjects/20481/TouchGFX/gui/src/mainscreen_screen/MainScreenPresenter.cpp:47:6:virtual void MainScreenPresenter::onButtonUp()	0	static
C:/TouchGFXProjects/20481/TouchGFX/gui/src/mainscreen_screen/MainScreenPresenter.cpp:56:6:virtual void MainScreenPresenter::onButtonDown()	0	static
C:/TouchGFXProjects/20481/TouchGFX/gui/src/mainscreen_screen/MainScreenPresenter.cpp:65:6:virtual void MainScreenPresenter::onButtonLeft()	0	static
C:/TouchGFXProjects/20481/TouchGFX/gui/src/mainscreen_screen/MainScreenPresenter.cpp:74:6:virtual void MainScreenPresenter::onButtonRight()	0	static
C:/TouchGFXProjects/20481/TouchGFX/gui/src/mainscreen_screen/MainScreenPresenter.cpp:83:6:virtual void MainScreenPresenter::onButtonBack()	0	static
../../TouchGFX/gui/include/gui/mainscreen_screen/MainScreenPresenter.hpp:38:13:virtual void* MainScreenPresenter::_ZThn4_N19MainScreenPresenterD1Ev()	0	static
C:/TouchGFXProjects/20481/TouchGFX/gui/src/mainscreen_screen/MainScreenPresenter.cpp:8:1:MainScreenPresenter::MainScreenPresenter(MainScreenView&)	0	static
C:/TouchGFXProjects/20481/TouchGFX/gui/src/mainscreen_screen/MainScreenPresenter.cpp:34:6:void MainScreenPresenter::gotoGameOverScreen()	8	static
