../../Middlewares/ST/touchgfx/framework/include/touchgfx/Screen.hpp:104:18:virtual void touchgfx::Screen::afterTransition()	0	static
../../TouchGFX/generated/gui_generated/include/gui_generated/mainscreen_screen/MainScreenViewBase.hpp:28:18:virtual void MainScreenViewBase::resetGame()	0	static
C:/TouchGFXProjects/20481/TouchGFX/gui/src/mainscreen_screen/MainScreenView.cpp:101:6:virtual void MainScreenView::tearDownScreen()	0	static
../../TouchGFX/gui/include/gui/mainscreen_screen/MainScreenView.hpp:25:13:MainScreenView::~MainScreenView()	8	static
../../TouchGFX/gui/include/gui/mainscreen_screen/MainScreenView.hpp:25:13:virtual MainScreenView::~MainScreenView()	8	static
C:/TouchGFXProjects/20481/TouchGFX/gui/src/mainscreen_screen/MainScreenView.cpp:27:10:uint32_t MainScreenView::myRand()	0	static
C:/TouchGFXProjects/20481/TouchGFX/gui/src/mainscreen_screen/MainScreenView.cpp:36:1:MainScreenView::MainScreenView()	8	static
C:/TouchGFXProjects/20481/TouchGFX/gui/src/mainscreen_screen/MainScreenView.cpp:269:6:void MainScreenView::onNavigateBack()	8	static
C:/TouchGFXProjects/20481/TouchGFX/gui/src/mainscreen_screen/MainScreenView.cpp:296:6:void MainScreenView::updateScoreText()	16	static
C:/TouchGFXProjects/20481/TouchGFX/gui/src/mainscreen_screen/MainScreenView.cpp:311:6:void MainScreenView::moveLeft()	72	static
C:/TouchGFXProjects/20481/TouchGFX/gui/src/mainscreen_screen/MainScreenView.cpp:352:6:void MainScreenView::moveRight()	72	static
C:/TouchGFXProjects/20481/TouchGFX/gui/src/mainscreen_screen/MainScreenView.cpp:392:6:void MainScreenView::moveUp()	64	static
C:/TouchGFXProjects/20481/TouchGFX/gui/src/mainscreen_screen/MainScreenView.cpp:432:6:void MainScreenView::moveDown()	64	static
C:/TouchGFXProjects/20481/TouchGFX/gui/src/mainscreen_screen/MainScreenView.cpp:513:6:void MainScreenView::navigateToGameOverScreen()	8	static
C:/TouchGFXProjects/20481/TouchGFX/gui/src/mainscreen_screen/MainScreenView.cpp:522:6:bool MainScreenView::isGameOver()	24	static
C:/TouchGFXProjects/20481/TouchGFX/gui/src/mainscreen_screen/MainScreenView.cpp:476:6:void MainScreenView::spawnRandomTile()	160	static
C:/TouchGFXProjects/20481/TouchGFX/gui/src/mainscreen_screen/MainScreenView.cpp:558:6:void MainScreenView::saveGridState()	24	static
C:/TouchGFXProjects/20481/TouchGFX/gui/src/mainscreen_screen/MainScreenView.cpp:569:6:bool MainScreenView::hasGridChanged()	24	static
C:/TouchGFXProjects/20481/TouchGFX/gui/src/mainscreen_screen/MainScreenView.cpp:278:6:void MainScreenView::processAfterMove()	8	static
C:/TouchGFXProjects/20481/TouchGFX/gui/src/mainscreen_screen/MainScreenView.cpp:181:6:virtual void MainScreenView::handleKeyEvent(uint8_t)	16	static
C:/TouchGFXProjects/20481/TouchGFX/gui/src/mainscreen_screen/MainScreenView.cpp:229:6:void MainScreenView::onMoveUp()	8	static
C:/TouchGFXProjects/20481/TouchGFX/gui/src/mainscreen_screen/MainScreenView.cpp:239:6:void MainScreenView::onMoveDown()	8	static
C:/TouchGFXProjects/20481/TouchGFX/gui/src/mainscreen_screen/MainScreenView.cpp:249:6:void MainScreenView::onMoveLeft()	8	static
C:/TouchGFXProjects/20481/TouchGFX/gui/src/mainscreen_screen/MainScreenView.cpp:259:6:void MainScreenView::onMoveRight()	8	static
C:/TouchGFXProjects/20481/TouchGFX/gui/src/mainscreen_screen/MainScreenView.cpp:136:6:virtual void MainScreenView::handleGestureEvent(const touchgfx::GestureEvent&)	16	static
C:/TouchGFXProjects/20481/TouchGFX/gui/src/mainscreen_screen/MainScreenView.cpp:66:6:virtual void MainScreenView::setupScreen()	32	static
C:/TouchGFXProjects/20481/TouchGFX/gui/src/mainscreen_screen/MainScreenView.cpp:113:6:virtual void MainScreenView::handleDragEvent(const touchgfx::DragEvent&)	0	static
