../../Middlewares/ST/touchgfx/framework/include/touchgfx/Screen.hpp:104:18:virtual void touchgfx::Screen::afterTransition()	0	static
../../TouchGFX/generated/gui_generated/include/gui_generated/mainscreen_screen/MainScreenViewBase.hpp:28:18:virtual void MainScreenViewBase::resetGame()	0	static
C:/Embedded/STM32F429ZIT6_Game2048/2048/20481/TouchGFX/gui/src/mainscreen_screen/MainScreenView.cpp:66:6:virtual void MainScreenView::tearDownScreen()	0	static
../../TouchGFX/gui/include/gui/mainscreen_screen/MainScreenView.hpp:12:13:MainScreenView::~MainScreenView()	8	static
../../TouchGFX/gui/include/gui/mainscreen_screen/MainScreenView.hpp:12:13:virtual MainScreenView::~MainScreenView()	8	static
C:/Embedded/STM32F429ZIT6_Game2048/2048/20481/TouchGFX/gui/src/mainscreen_screen/MainScreenView.cpp:13:10:uint32_t MainScreenView::myRand()	0	static
C:/Embedded/STM32F429ZIT6_Game2048/2048/20481/TouchGFX/gui/src/mainscreen_screen/MainScreenView.cpp:18:1:MainScreenView::MainScreenView()	8	static
C:/Embedded/STM32F429ZIT6_Game2048/2048/20481/TouchGFX/gui/src/mainscreen_screen/MainScreenView.cpp:109:6:void MainScreenView::updateScoreText()	16	static
C:/Embedded/STM32F429ZIT6_Game2048/2048/20481/TouchGFX/gui/src/mainscreen_screen/MainScreenView.cpp:117:6:void MainScreenView::moveLeft()	72	static
C:/Embedded/STM32F429ZIT6_Game2048/2048/20481/TouchGFX/gui/src/mainscreen_screen/MainScreenView.cpp:155:6:void MainScreenView::moveRight()	72	static
C:/Embedded/STM32F429ZIT6_Game2048/2048/20481/TouchGFX/gui/src/mainscreen_screen/MainScreenView.cpp:192:6:void MainScreenView::moveUp()	64	static
C:/Embedded/STM32F429ZIT6_Game2048/2048/20481/TouchGFX/gui/src/mainscreen_screen/MainScreenView.cpp:229:6:void MainScreenView::moveDown()	64	static
C:/Embedded/STM32F429ZIT6_Game2048/2048/20481/TouchGFX/gui/src/mainscreen_screen/MainScreenView.cpp:345:6:void MainScreenView::navigateToGameOverScreen()	8	static
C:/Embedded/STM32F429ZIT6_Game2048/2048/20481/TouchGFX/gui/src/mainscreen_screen/MainScreenView.cpp:349:6:bool MainScreenView::isGameOver()	24	static
C:/Embedded/STM32F429ZIT6_Game2048/2048/20481/TouchGFX/gui/src/mainscreen_screen/MainScreenView.cpp:300:6:void MainScreenView::spawnRandomTile()	160	static
C:/Embedded/STM32F429ZIT6_Game2048/2048/20481/TouchGFX/gui/src/mainscreen_screen/MainScreenView.cpp:395:6:virtual void MainScreenView::handleTickEvent()	32	static
C:/Embedded/STM32F429ZIT6_Game2048/2048/20481/TouchGFX/gui/src/mainscreen_screen/MainScreenView.cpp:381:6:void MainScreenView::saveGridState()	24	static
C:/Embedded/STM32F429ZIT6_Game2048/2048/20481/TouchGFX/gui/src/mainscreen_screen/MainScreenView.cpp:387:6:bool MainScreenView::hasGridChanged()	24	static
C:/Embedded/STM32F429ZIT6_Game2048/2048/20481/TouchGFX/gui/src/mainscreen_screen/MainScreenView.cpp:70:6:virtual void MainScreenView::handleGestureEvent(const touchgfx::GestureEvent&)	8	static
C:/Embedded/STM32F429ZIT6_Game2048/2048/20481/TouchGFX/gui/src/mainscreen_screen/MainScreenView.cpp:267:6:virtual void MainScreenView::handleKeyEvent(uint8_t)	16	static
C:/Embedded/STM32F429ZIT6_Game2048/2048/20481/TouchGFX/gui/src/mainscreen_screen/MainScreenView.cpp:42:6:virtual void MainScreenView::setupScreen()	32	static
