../../Middlewares/ST/touchgfx/framework/include/touchgfx/Screen.hpp:104:18:virtual void touchgfx::Screen::afterTransition()	0	static
C:/Embedded/STM32F429ZIT6_Game2048/2048/20481/TouchGFX/gui/src/screen5x5_screen/Screen5x5View.cpp:78:6:virtual void Screen5x5View::tearDownScreen()	0	static
../../TouchGFX/gui/include/gui/screen5x5_screen/Screen5x5View.hpp:11:13:Screen5x5View::~Screen5x5View()	8	static
../../TouchGFX/gui/include/gui/screen5x5_screen/Screen5x5View.hpp:11:13:virtual Screen5x5View::~Screen5x5View()	8	static
C:/Embedded/STM32F429ZIT6_Game2048/2048/20481/TouchGFX/gui/src/screen5x5_screen/Screen5x5View.cpp:14:10:uint32_t Screen5x5View::myRand()	0	static
C:/Embedded/STM32F429ZIT6_Game2048/2048/20481/TouchGFX/gui/src/screen5x5_screen/Screen5x5View.cpp:19:1:Screen5x5View::Screen5x5View()	8	static
C:/Embedded/STM32F429ZIT6_Game2048/2048/20481/TouchGFX/gui/src/screen5x5_screen/Screen5x5View.cpp:121:6:void Screen5x5View::updateScoreText()	16	static
C:/Embedded/STM32F429ZIT6_Game2048/2048/20481/TouchGFX/gui/src/screen5x5_screen/Screen5x5View.cpp:128:6:void Screen5x5View::moveLeft()	80	static
C:/Embedded/STM32F429ZIT6_Game2048/2048/20481/TouchGFX/gui/src/screen5x5_screen/Screen5x5View.cpp:166:6:void Screen5x5View::moveRight()	80	static
C:/Embedded/STM32F429ZIT6_Game2048/2048/20481/TouchGFX/gui/src/screen5x5_screen/Screen5x5View.cpp:206:6:void Screen5x5View::moveUp()	72	static
C:/Embedded/STM32F429ZIT6_Game2048/2048/20481/TouchGFX/gui/src/screen5x5_screen/Screen5x5View.cpp:243:6:void Screen5x5View::moveDown()	72	static
C:/Embedded/STM32F429ZIT6_Game2048/2048/20481/TouchGFX/gui/src/screen5x5_screen/Screen5x5View.cpp:358:6:void Screen5x5View::navigateToGameOverScreen()	8	static
C:/Embedded/STM32F429ZIT6_Game2048/2048/20481/TouchGFX/gui/src/screen5x5_screen/Screen5x5View.cpp:362:6:bool Screen5x5View::isGameOver()	24	static
C:/Embedded/STM32F429ZIT6_Game2048/2048/20481/TouchGFX/gui/src/screen5x5_screen/Screen5x5View.cpp:313:6:void Screen5x5View::spawnRandomTile()	232	static
C:/Embedded/STM32F429ZIT6_Game2048/2048/20481/TouchGFX/gui/src/screen5x5_screen/Screen5x5View.cpp:408:6:virtual void Screen5x5View::handleTickEvent()	32	static
C:/Embedded/STM32F429ZIT6_Game2048/2048/20481/TouchGFX/gui/src/screen5x5_screen/Screen5x5View.cpp:394:6:void Screen5x5View::saveGridState()	24	static
C:/Embedded/STM32F429ZIT6_Game2048/2048/20481/TouchGFX/gui/src/screen5x5_screen/Screen5x5View.cpp:400:6:bool Screen5x5View::hasGridChanged()	32	static
C:/Embedded/STM32F429ZIT6_Game2048/2048/20481/TouchGFX/gui/src/screen5x5_screen/Screen5x5View.cpp:82:6:virtual void Screen5x5View::handleGestureEvent(const touchgfx::GestureEvent&)	16	static
C:/Embedded/STM32F429ZIT6_Game2048/2048/20481/TouchGFX/gui/src/screen5x5_screen/Screen5x5View.cpp:280:6:virtual void Screen5x5View::handleKeyEvent(uint8_t)	16	static
C:/Embedded/STM32F429ZIT6_Game2048/2048/20481/TouchGFX/gui/src/screen5x5_screen/Screen5x5View.cpp:54:6:virtual void Screen5x5View::setupScreen()	32	static
