../../TouchGFX/gui/include/gui/screen5x5_lettermerging_screen/Screen5x5_letterMergingPresenter.hpp:28:13:Screen5x5_letterMergingPresenter::~Screen5x5_letterMergingPresenter()	0	static
C:/Embedded/STM32F429ZIT6_Game2048/2048/20481/TouchGFX/gui/src/screen5x5_lettermerging_screen/Screen5x5_letterMergingPresenter.cpp:10:6:virtual void Screen5x5_letterMergingPresenter::activate()	0	static
../../TouchGFX/gui/include/gui/screen5x5_lettermerging_screen/Screen5x5_letterMergingPresenter.hpp:28:13:virtual Screen5x5_letterMergingPresenter::~Screen5x5_letterMergingPresenter()	8	static
../../TouchGFX/gui/include/gui/screen5x5_lettermerging_screen/Screen5x5_letterMergingPresenter.hpp:28:13:virtual void* Screen5x5_letterMergingPresenter::_ZThn4_N32Screen5x5_letterMergingPresenterD1Ev()	0	static
C:/Embedded/STM32F429ZIT6_Game2048/2048/20481/TouchGFX/gui/src/screen5x5_lettermerging_screen/Screen5x5_letterMergingPresenter.cpp:4:1:Screen5x5_letterMergingPresenter::Screen5x5_letterMergingPresenter(Screen5x5_letterMergingView&)	0	static
