../../Middlewares/ST/touchgfx/framework/include/touchgfx/Screen.hpp:104:18:virtual void touchgfx::Screen::afterTransition()	0	static
C:/TouchGFXProjects/20481/TouchGFX/gui/src/screen3x3_screen/Screen3x3View.cpp:70:6:virtual void Screen3x3View::tearDownScreen()	0	static
../../TouchGFX/gui/include/gui/screen3x3_screen/Screen3x3View.hpp:16:13:Screen3x3View::~Screen3x3View()	8	static
../../TouchGFX/gui/include/gui/screen3x3_screen/Screen3x3View.hpp:16:13:virtual Screen3x3View::~Screen3x3View()	8	static
C:/TouchGFXProjects/20481/TouchGFX/gui/src/screen3x3_screen/Screen3x3View.cpp:20:10:uint32_t Screen3x3View::myRand()	0	static
C:/TouchGFXProjects/20481/TouchGFX/gui/src/screen3x3_screen/Screen3x3View.cpp:26:1:Screen3x3View::Screen3x3View()	8	static
C:/TouchGFXProjects/20481/TouchGFX/gui/src/screen3x3_screen/Screen3x3View.cpp:124:6:void Screen3x3View::updateScoreText()	8	static
C:/TouchGFXProjects/20481/TouchGFX/gui/src/screen3x3_screen/Screen3x3View.cpp:132:6:void Screen3x3View::moveLeft()	72	static
C:/TouchGFXProjects/20481/TouchGFX/gui/src/screen3x3_screen/Screen3x3View.cpp:168:6:void Screen3x3View::moveRight()	64	static
C:/TouchGFXProjects/20481/TouchGFX/gui/src/screen3x3_screen/Screen3x3View.cpp:203:6:void Screen3x3View::moveUp()	64	static
C:/TouchGFXProjects/20481/TouchGFX/gui/src/screen3x3_screen/Screen3x3View.cpp:238:6:void Screen3x3View::moveDown()	64	static
C:/TouchGFXProjects/20481/TouchGFX/gui/src/screen3x3_screen/Screen3x3View.cpp:317:6:void Screen3x3View::navigateToGameOverScreen()	8	static
C:/TouchGFXProjects/20481/TouchGFX/gui/src/screen3x3_screen/Screen3x3View.cpp:322:6:bool Screen3x3View::isGameOver()	24	static
C:/TouchGFXProjects/20481/TouchGFX/gui/src/screen3x3_screen/Screen3x3View.cpp:287:6:void Screen3x3View::spawnRandomTile()	104	static
C:/TouchGFXProjects/20481/TouchGFX/gui/src/screen3x3_screen/Screen3x3View.cpp:348:6:void Screen3x3View::saveGridState()	24	static
C:/TouchGFXProjects/20481/TouchGFX/gui/src/screen3x3_screen/Screen3x3View.cpp:355:6:bool Screen3x3View::hasGridChanged()	32	static
C:/TouchGFXProjects/20481/TouchGFX/gui/src/screen3x3_screen/Screen3x3View.cpp:396:6:void Screen3x3View::onNavigateBack()	8	static
C:/TouchGFXProjects/20481/TouchGFX/gui/src/screen3x3_screen/Screen3x3View.cpp:401:6:void Screen3x3View::processAfterMove()	8	static
C:/TouchGFXProjects/20481/TouchGFX/gui/src/screen3x3_screen/Screen3x3View.cpp:273:6:virtual void Screen3x3View::handleKeyEvent(uint8_t)	16	static
C:/TouchGFXProjects/20481/TouchGFX/gui/src/screen3x3_screen/Screen3x3View.cpp:368:6:void Screen3x3View::onMoveUp()	8	static
C:/TouchGFXProjects/20481/TouchGFX/gui/src/screen3x3_screen/Screen3x3View.cpp:375:6:void Screen3x3View::onMoveDown()	8	static
C:/TouchGFXProjects/20481/TouchGFX/gui/src/screen3x3_screen/Screen3x3View.cpp:382:6:void Screen3x3View::onMoveLeft()	8	static
C:/TouchGFXProjects/20481/TouchGFX/gui/src/screen3x3_screen/Screen3x3View.cpp:389:6:void Screen3x3View::onMoveRight()	8	static
C:/TouchGFXProjects/20481/TouchGFX/gui/src/screen3x3_screen/Screen3x3View.cpp:92:6:virtual void Screen3x3View::handleGestureEvent(const touchgfx::GestureEvent&)	8	static
C:/TouchGFXProjects/20481/TouchGFX/gui/src/screen3x3_screen/Screen3x3View.cpp:44:6:virtual void Screen3x3View::setupScreen()	32	static
C:/TouchGFXProjects/20481/TouchGFX/gui/src/screen3x3_screen/Screen3x3View.cpp:75:6:virtual void Screen3x3View::handleDragEvent(const touchgfx::DragEvent&)	0	static
