../../TouchGFX/gui/include/gui/screen5x5_supermerging_screen/Screen5x5_superMergingPresenter.hpp:23:13:Screen5x5_superMergingPresenter::~Screen5x5_superMergingPresenter()	0	static
C:/TouchGFXProjects/20481/TouchGFX/gui/src/screen5x5_supermerging_screen/Screen5x5_superMergingPresenter.cpp:9:6:virtual void Screen5x5_superMergingPresenter::activate()	0	static
../../TouchGFX/gui/include/gui/screen5x5_supermerging_screen/Screen5x5_superMergingPresenter.hpp:23:13:virtual Screen5x5_superMergingPresenter::~Screen5x5_superMergingPresenter()	8	static
C:/TouchGFXProjects/20481/TouchGFX/gui/src/screen5x5_supermerging_screen/Screen5x5_superMergingPresenter.cpp:21:6:virtual void Screen5x5_superMergingPresenter::onButtonUp()	0	static
C:/TouchGFXProjects/20481/TouchGFX/gui/src/screen5x5_supermerging_screen/Screen5x5_superMergingPresenter.cpp:26:6:virtual void Screen5x5_superMergingPresenter::onButtonDown()	0	static
C:/TouchGFXProjects/20481/TouchGFX/gui/src/screen5x5_supermerging_screen/Screen5x5_superMergingPresenter.cpp:31:6:virtual void Screen5x5_superMergingPresenter::onButtonLeft()	0	static
C:/TouchGFXProjects/20481/TouchGFX/gui/src/screen5x5_supermerging_screen/Screen5x5_superMergingPresenter.cpp:36:6:virtual void Screen5x5_superMergingPresenter::onButtonRight()	0	static
C:/TouchGFXProjects/20481/TouchGFX/gui/src/screen5x5_supermerging_screen/Screen5x5_superMergingPresenter.cpp:41:6:virtual void Screen5x5_superMergingPresenter::onButtonBack()	0	static
../../TouchGFX/gui/include/gui/screen5x5_supermerging_screen/Screen5x5_superMergingPresenter.hpp:23:13:virtual void* Screen5x5_superMergingPresenter::_ZThn4_N31Screen5x5_superMergingPresenterD1Ev()	0	static
C:/TouchGFXProjects/20481/TouchGFX/gui/src/screen5x5_supermerging_screen/Screen5x5_superMergingPresenter.cpp:4:1:Screen5x5_superMergingPresenter::Screen5x5_superMergingPresenter(Screen5x5_superMergingView&)	0	static
