../../TouchGFX/gui/include/gui/screen3x3_screen/Screen3x3Presenter.hpp:23:13:Screen3x3Presenter::~Screen3x3Presenter()	0	static
C:/TouchGFXProjects/20481/TouchGFX/gui/src/screen3x3_screen/Screen3x3Presenter.cpp:9:6:virtual void Screen3x3Presenter::activate()	0	static
../../TouchGFX/gui/include/gui/screen3x3_screen/Screen3x3Presenter.hpp:23:13:virtual Screen3x3Presenter::~Screen3x3Presenter()	8	static
C:/TouchGFXProjects/20481/TouchGFX/gui/src/screen3x3_screen/Screen3x3Presenter.cpp:21:6:virtual void Screen3x3Presenter::onButtonUp()	0	static
C:/TouchGFXProjects/20481/TouchGFX/gui/src/screen3x3_screen/Screen3x3Presenter.cpp:26:6:virtual void Screen3x3Presenter::onButtonDown()	0	static
C:/TouchGFXProjects/20481/TouchGFX/gui/src/screen3x3_screen/Screen3x3Presenter.cpp:31:6:virtual void Screen3x3Presenter::onButtonLeft()	0	static
C:/TouchGFXProjects/20481/TouchGFX/gui/src/screen3x3_screen/Screen3x3Presenter.cpp:36:6:virtual void Screen3x3Presenter::onButtonRight()	0	static
C:/TouchGFXProjects/20481/TouchGFX/gui/src/screen3x3_screen/Screen3x3Presenter.cpp:41:6:virtual void Screen3x3Presenter::onButtonBack()	0	static
../../TouchGFX/gui/include/gui/screen3x3_screen/Screen3x3Presenter.hpp:23:13:virtual void* Screen3x3Presenter::_ZThn4_N18Screen3x3PresenterD1Ev()	0	static
C:/TouchGFXProjects/20481/TouchGFX/gui/src/screen3x3_screen/Screen3x3Presenter.cpp:4:1:Screen3x3Presenter::Screen3x3Presenter(Screen3x3View&)	0	static
