../../TouchGFX/gui/include/gui/screen5x5_lettermerging_screen/Screen5x5_letterMergingPresenter.hpp:23:13:Screen5x5_letterMergingPresenter::~Screen5x5_letterMergingPresenter()	0	static
C:/TouchGFXProjects/20481/TouchGFX/gui/src/screen5x5_lettermerging_screen/Screen5x5_letterMergingPresenter.cpp:9:6:virtual void Screen5x5_letterMergingPresenter::activate()	0	static
../../TouchGFX/gui/include/gui/screen5x5_lettermerging_screen/Screen5x5_letterMergingPresenter.hpp:23:13:virtual Screen5x5_letterMergingPresenter::~Screen5x5_letterMergingPresenter()	8	static
C:/TouchGFXProjects/20481/TouchGFX/gui/src/screen5x5_lettermerging_screen/Screen5x5_letterMergingPresenter.cpp:21:6:virtual void Screen5x5_letterMergingPresenter::onButtonUp()	0	static
C:/TouchGFXProjects/20481/TouchGFX/gui/src/screen5x5_lettermerging_screen/Screen5x5_letterMergingPresenter.cpp:26:6:virtual void Screen5x5_letterMergingPresenter::onButtonDown()	0	static
C:/TouchGFXProjects/20481/TouchGFX/gui/src/screen5x5_lettermerging_screen/Screen5x5_letterMergingPresenter.cpp:31:6:virtual void Screen5x5_letterMergingPresenter::onButtonLeft()	0	static
C:/TouchGFXProjects/20481/TouchGFX/gui/src/screen5x5_lettermerging_screen/Screen5x5_letterMergingPresenter.cpp:36:6:virtual void Screen5x5_letterMergingPresenter::onButtonRight()	0	static
C:/TouchGFXProjects/20481/TouchGFX/gui/src/screen5x5_lettermerging_screen/Screen5x5_letterMergingPresenter.cpp:41:6:virtual void Screen5x5_letterMergingPresenter::onButtonBack()	0	static
../../TouchGFX/gui/include/gui/screen5x5_lettermerging_screen/Screen5x5_letterMergingPresenter.hpp:23:13:virtual void* Screen5x5_letterMergingPresenter::_ZThn4_N32Screen5x5_letterMergingPresenterD1Ev()	0	static
C:/TouchGFXProjects/20481/TouchGFX/gui/src/screen5x5_lettermerging_screen/Screen5x5_letterMergingPresenter.cpp:4:1:Screen5x5_letterMergingPresenter::Screen5x5_letterMergingPresenter(Screen5x5_letterMergingView&)	0	static
