../../Middlewares/ST/touchgfx/framework/include/touchgfx/Screen.hpp:104:18:virtual void touchgfx::Screen::afterTransition()	0	static
C:/TouchGFXProjects/20481/TouchGFX/gui/src/screen5x5_screen/Screen5x5View.cpp:88:6:virtual void Screen5x5View::tearDownScreen()	0	static
../../TouchGFX/gui/include/gui/screen5x5_screen/Screen5x5View.hpp:16:13:Screen5x5View::~Screen5x5View()	8	static
../../TouchGFX/gui/include/gui/screen5x5_screen/Screen5x5View.hpp:16:13:virtual Screen5x5View::~Screen5x5View()	8	static
C:/TouchGFXProjects/20481/TouchGFX/gui/src/screen5x5_screen/Screen5x5View.cpp:19:10:uint32_t Screen5x5View::myRand()	0	static
C:/TouchGFXProjects/20481/TouchGFX/gui/src/screen5x5_screen/Screen5x5View.cpp:25:1:Screen5x5View::Screen5x5View()	8	static
C:/TouchGFXProjects/20481/TouchGFX/gui/src/screen5x5_screen/Screen5x5View.cpp:142:6:void Screen5x5View::updateScoreText()	16	static
C:/TouchGFXProjects/20481/TouchGFX/gui/src/screen5x5_screen/Screen5x5View.cpp:150:6:void Screen5x5View::moveLeft()	80	static
C:/TouchGFXProjects/20481/TouchGFX/gui/src/screen5x5_screen/Screen5x5View.cpp:186:6:void Screen5x5View::moveRight()	80	static
C:/TouchGFXProjects/20481/TouchGFX/gui/src/screen5x5_screen/Screen5x5View.cpp:221:6:void Screen5x5View::moveUp()	72	static
C:/TouchGFXProjects/20481/TouchGFX/gui/src/screen5x5_screen/Screen5x5View.cpp:256:6:void Screen5x5View::moveDown()	72	static
C:/TouchGFXProjects/20481/TouchGFX/gui/src/screen5x5_screen/Screen5x5View.cpp:335:6:void Screen5x5View::navigateToGameOverScreen()	8	static
C:/TouchGFXProjects/20481/TouchGFX/gui/src/screen5x5_screen/Screen5x5View.cpp:340:6:bool Screen5x5View::isGameOver()	24	static
C:/TouchGFXProjects/20481/TouchGFX/gui/src/screen5x5_screen/Screen5x5View.cpp:305:6:void Screen5x5View::spawnRandomTile()	232	static
C:/TouchGFXProjects/20481/TouchGFX/gui/src/screen5x5_screen/Screen5x5View.cpp:366:6:void Screen5x5View::saveGridState()	24	static
C:/TouchGFXProjects/20481/TouchGFX/gui/src/screen5x5_screen/Screen5x5View.cpp:373:6:bool Screen5x5View::hasGridChanged()	32	static
C:/TouchGFXProjects/20481/TouchGFX/gui/src/screen5x5_screen/Screen5x5View.cpp:414:6:void Screen5x5View::onNavigateBack()	8	static
C:/TouchGFXProjects/20481/TouchGFX/gui/src/screen5x5_screen/Screen5x5View.cpp:419:6:void Screen5x5View::processAfterMove()	8	static
C:/TouchGFXProjects/20481/TouchGFX/gui/src/screen5x5_screen/Screen5x5View.cpp:291:6:virtual void Screen5x5View::handleKeyEvent(uint8_t)	16	static
C:/TouchGFXProjects/20481/TouchGFX/gui/src/screen5x5_screen/Screen5x5View.cpp:386:6:void Screen5x5View::onMoveUp()	8	static
C:/TouchGFXProjects/20481/TouchGFX/gui/src/screen5x5_screen/Screen5x5View.cpp:393:6:void Screen5x5View::onMoveDown()	8	static
C:/TouchGFXProjects/20481/TouchGFX/gui/src/screen5x5_screen/Screen5x5View.cpp:400:6:void Screen5x5View::onMoveLeft()	8	static
C:/TouchGFXProjects/20481/TouchGFX/gui/src/screen5x5_screen/Screen5x5View.cpp:407:6:void Screen5x5View::onMoveRight()	8	static
C:/TouchGFXProjects/20481/TouchGFX/gui/src/screen5x5_screen/Screen5x5View.cpp:110:6:virtual void Screen5x5View::handleGestureEvent(const touchgfx::GestureEvent&)	16	static
C:/TouchGFXProjects/20481/TouchGFX/gui/src/screen5x5_screen/Screen5x5View.cpp:61:6:virtual void Screen5x5View::setupScreen()	32	static
C:/TouchGFXProjects/20481/TouchGFX/gui/src/screen5x5_screen/Screen5x5View.cpp:93:6:virtual void Screen5x5View::handleDragEvent(const touchgfx::DragEvent&)	0	static
