../../TouchGFX/gui/include/gui/screen5x5_screen/Screen5x5Presenter.hpp:23:13:Screen5x5Presenter::~Screen5x5Presenter()	0	static
C:/TouchGFXProjects/20481/TouchGFX/gui/src/screen5x5_screen/Screen5x5Presenter.cpp:9:6:virtual void Screen5x5Presenter::activate()	0	static
../../TouchGFX/gui/include/gui/screen5x5_screen/Screen5x5Presenter.hpp:23:13:virtual Screen5x5Presenter::~Screen5x5Presenter()	8	static
C:/TouchGFXProjects/20481/TouchGFX/gui/src/screen5x5_screen/Screen5x5Presenter.cpp:21:6:virtual void Screen5x5Presenter::onButtonUp()	0	static
C:/TouchGFXProjects/20481/TouchGFX/gui/src/screen5x5_screen/Screen5x5Presenter.cpp:26:6:virtual void Screen5x5Presenter::onButtonDown()	0	static
C:/TouchGFXProjects/20481/TouchGFX/gui/src/screen5x5_screen/Screen5x5Presenter.cpp:31:6:virtual void Screen5x5Presenter::onButtonLeft()	0	static
C:/TouchGFXProjects/20481/TouchGFX/gui/src/screen5x5_screen/Screen5x5Presenter.cpp:36:6:virtual void Screen5x5Presenter::onButtonRight()	0	static
C:/TouchGFXProjects/20481/TouchGFX/gui/src/screen5x5_screen/Screen5x5Presenter.cpp:41:6:virtual void Screen5x5Presenter::onButtonBack()	0	static
../../TouchGFX/gui/include/gui/screen5x5_screen/Screen5x5Presenter.hpp:23:13:virtual void* Screen5x5Presenter::_ZThn4_N18Screen5x5PresenterD1Ev()	0	static
C:/TouchGFXProjects/20481/TouchGFX/gui/src/screen5x5_screen/Screen5x5Presenter.cpp:4:1:Screen5x5Presenter::Screen5x5Presenter(Screen5x5View&)	0	static
