../../Middlewares/ST/touchgfx/framework/include/touchgfx/Screen.hpp:104:18:virtual void touchgfx::Screen::afterTransition()	0	static
C:/TouchGFXProjects/20481/TouchGFX/gui/src/screen5x5_supermerging_screen/Screen5x5_superMergingView.cpp:88:6:virtual void Screen5x5_superMergingView::tearDownScreen()	0	static
../../TouchGFX/gui/include/gui/screen5x5_supermerging_screen/Screen5x5_superMergingView.hpp:17:13:Screen5x5_superMergingView::~Screen5x5_superMergingView()	8	static
../../TouchGFX/gui/include/gui/screen5x5_supermerging_screen/Screen5x5_superMergingView.hpp:17:13:virtual Screen5x5_superMergingView::~Screen5x5_superMergingView()	8	static
C:/TouchGFXProjects/20481/TouchGFX/gui/src/screen5x5_supermerging_screen/Screen5x5_superMergingView.cpp:20:10:uint32_t Screen5x5_superMergingView::myRand()	0	static
C:/TouchGFXProjects/20481/TouchGFX/gui/src/screen5x5_supermerging_screen/Screen5x5_superMergingView.cpp:26:1:Screen5x5_superMergingView::Screen5x5_superMergingView()	8	static
C:/TouchGFXProjects/20481/TouchGFX/gui/src/screen5x5_supermerging_screen/Screen5x5_superMergingView.cpp:142:6:void Screen5x5_superMergingView::updateScoreText()	16	static
C:/TouchGFXProjects/20481/TouchGFX/gui/src/screen5x5_supermerging_screen/Screen5x5_superMergingView.cpp:244:6:void Screen5x5_superMergingView::navigateToGameOverScreen()	8	static
C:/TouchGFXProjects/20481/TouchGFX/gui/src/screen5x5_supermerging_screen/Screen5x5_superMergingView.cpp:249:6:bool Screen5x5_superMergingView::isGameOver()	24	static
C:/TouchGFXProjects/20481/TouchGFX/gui/src/screen5x5_supermerging_screen/Screen5x5_superMergingView.cpp:208:6:void Screen5x5_superMergingView::spawnRandomTile()	232	static
C:/TouchGFXProjects/20481/TouchGFX/gui/src/screen5x5_supermerging_screen/Screen5x5_superMergingView.cpp:275:6:void Screen5x5_superMergingView::saveGridState()	24	static
C:/TouchGFXProjects/20481/TouchGFX/gui/src/screen5x5_supermerging_screen/Screen5x5_superMergingView.cpp:282:6:bool Screen5x5_superMergingView::hasGridChanged()	32	static
C:/TouchGFXProjects/20481/TouchGFX/gui/src/screen5x5_supermerging_screen/Screen5x5_superMergingView.cpp:291:6:void Screen5x5_superMergingView::mergeSuperTiles(Tile5x5_Super**, bool)	56	static
C:/TouchGFXProjects/20481/TouchGFX/gui/src/screen5x5_supermerging_screen/Screen5x5_superMergingView.cpp:150:6:void Screen5x5_superMergingView::moveLeftSuperMerging()	48	static
C:/TouchGFXProjects/20481/TouchGFX/gui/src/screen5x5_supermerging_screen/Screen5x5_superMergingView.cpp:161:6:void Screen5x5_superMergingView::moveRightSuperMerging()	40	static
C:/TouchGFXProjects/20481/TouchGFX/gui/src/screen5x5_supermerging_screen/Screen5x5_superMergingView.cpp:172:6:void Screen5x5_superMergingView::moveUpSuperMerging()	40	static
C:/TouchGFXProjects/20481/TouchGFX/gui/src/screen5x5_supermerging_screen/Screen5x5_superMergingView.cpp:183:6:void Screen5x5_superMergingView::moveDownSuperMerging()	40	static
C:/TouchGFXProjects/20481/TouchGFX/gui/src/screen5x5_supermerging_screen/Screen5x5_superMergingView.cpp:385:6:void Screen5x5_superMergingView::onNavigateBack()	8	static
C:/TouchGFXProjects/20481/TouchGFX/gui/src/screen5x5_supermerging_screen/Screen5x5_superMergingView.cpp:390:6:void Screen5x5_superMergingView::processAfterMove()	8	static
C:/TouchGFXProjects/20481/TouchGFX/gui/src/screen5x5_supermerging_screen/Screen5x5_superMergingView.cpp:371:6:void Screen5x5_superMergingView::onMoveLeft()	8	static
C:/TouchGFXProjects/20481/TouchGFX/gui/src/screen5x5_supermerging_screen/Screen5x5_superMergingView.cpp:378:6:void Screen5x5_superMergingView::onMoveRight()	8	static
C:/TouchGFXProjects/20481/TouchGFX/gui/src/screen5x5_supermerging_screen/Screen5x5_superMergingView.cpp:357:6:void Screen5x5_superMergingView::onMoveUp()	8	static
C:/TouchGFXProjects/20481/TouchGFX/gui/src/screen5x5_supermerging_screen/Screen5x5_superMergingView.cpp:110:6:virtual void Screen5x5_superMergingView::handleGestureEvent(const touchgfx::GestureEvent&)	16	static
C:/TouchGFXProjects/20481/TouchGFX/gui/src/screen5x5_supermerging_screen/Screen5x5_superMergingView.cpp:194:6:virtual void Screen5x5_superMergingView::handleKeyEvent(uint8_t)	16	static
C:/TouchGFXProjects/20481/TouchGFX/gui/src/screen5x5_supermerging_screen/Screen5x5_superMergingView.cpp:364:6:void Screen5x5_superMergingView::onMoveDown()	8	static
C:/TouchGFXProjects/20481/TouchGFX/gui/src/screen5x5_supermerging_screen/Screen5x5_superMergingView.cpp:62:6:virtual void Screen5x5_superMergingView::setupScreen()	32	static
C:/TouchGFXProjects/20481/TouchGFX/gui/src/screen5x5_supermerging_screen/Screen5x5_superMergingView.cpp:93:6:virtual void Screen5x5_superMergingView::handleDragEvent(const touchgfx::DragEvent&)	0	static
