../../TouchGFX/gui/include/gui/model/ModelListener.hpp:52:18:virtual void ModelListener::onButtonLeft()	0	static
../../TouchGFX/gui/include/gui/model/ModelListener.hpp:57:18:virtual void ModelListener::onButtonRight()	0	static
../../TouchGFX/gui/include/gui/selectedgamedesign_screen/SelectedGameDesignPresenter.hpp:28:13:SelectedGameDesignPresenter::~SelectedGameDesignPresenter()	0	static
C:/TouchGFXProjects/20481/TouchGFX/gui/src/selectedgamedesign_screen/SelectedGameDesignPresenter.cpp:9:6:virtual void SelectedGameDesignPresenter::activate()	0	static
../../TouchGFX/gui/include/gui/selectedgamedesign_screen/SelectedGameDesignPresenter.hpp:28:13:virtual SelectedGameDesignPresenter::~SelectedGameDesignPresenter()	8	static
C:/TouchGFXProjects/20481/TouchGFX/gui/src/selectedgamedesign_screen/SelectedGameDesignPresenter.cpp:25:6:virtual void SelectedGameDesignPresenter::onButtonUp()	0	static
C:/TouchGFXProjects/20481/TouchGFX/gui/src/selectedgamedesign_screen/SelectedGameDesignPresenter.cpp:34:6:virtual void SelectedGameDesignPresenter::onButtonDown()	0	static
C:/TouchGFXProjects/20481/TouchGFX/gui/src/selectedgamedesign_screen/SelectedGameDesignPresenter.cpp:43:6:virtual void SelectedGameDesignPresenter::onButtonBack()	0	static
../../TouchGFX/gui/include/gui/selectedgamedesign_screen/SelectedGameDesignPresenter.hpp:28:13:virtual void* SelectedGameDesignPresenter::_ZThn4_N27SelectedGameDesignPresenterD1Ev()	0	static
C:/TouchGFXProjects/20481/TouchGFX/gui/src/selectedgamedesign_screen/SelectedGameDesignPresenter.cpp:4:1:SelectedGameDesignPresenter::SelectedGameDesignPresenter(SelectedGameDesignView&)	0	static
