../../Middlewares/ST/touchgfx/framework/include/touchgfx/Screen.hpp:104:18:virtual void touchgfx::Screen::afterTransition()	0	static
../../Middlewares/ST/touchgfx/framework/include/touchgfx/Screen.hpp:154:18:virtual void touchgfx::Screen::handleKeyEvent(uint8_t)	0	static
C:/TouchGFXProjects/20481/TouchGFX/gui/src/selectedgamedesign_screen/SelectedGameDesignView.cpp:26:6:virtual void SelectedGameDesignView::tearDownScreen()	0	static
../../TouchGFX/gui/include/gui/selectedgamedesign_screen/SelectedGameDesignView.hpp:27:13:SelectedGameDesignView::~SelectedGameDesignView()	8	static
../../TouchGFX/gui/include/gui/selectedgamedesign_screen/SelectedGameDesignView.hpp:27:13:virtual SelectedGameDesignView::~SelectedGameDesignView()	8	static
C:/TouchGFXProjects/20481/TouchGFX/gui/src/selectedgamedesign_screen/SelectedGameDesignView.cpp:13:1:SelectedGameDesignView::SelectedGameDesignView()	8	static
C:/TouchGFXProjects/20481/TouchGFX/gui/src/selectedgamedesign_screen/SelectedGameDesignView.cpp:61:6:void SelectedGameDesignView::selectMode()	8	static
C:/TouchGFXProjects/20481/TouchGFX/gui/src/selectedgamedesign_screen/SelectedGameDesignView.cpp:140:6:void SelectedGameDesignView::onSelectMode()	0	static
../../Middlewares/ST/touchgfx/framework/include/touchgfx/containers/buttons/BoxWithBorderButtonStyle.hpp:94:10:void touchgfx::BoxWithBorderButtonStyle<T>::setBoxWithBorderColors(touchgfx::colortype, touchgfx::colortype, touchgfx::colortype, touchgfx::colortype) [with T = touchgfx::ClickButtonTrigger]	4	static
C:/TouchGFXProjects/20481/TouchGFX/gui/src/selectedgamedesign_screen/SelectedGameDesignView.cpp:81:6:void SelectedGameDesignView::updateHighlight()	32	static
C:/TouchGFXProjects/20481/TouchGFX/gui/src/selectedgamedesign_screen/SelectedGameDesignView.cpp:19:6:virtual void SelectedGameDesignView::setupScreen()	8	static
C:/TouchGFXProjects/20481/TouchGFX/gui/src/selectedgamedesign_screen/SelectedGameDesignView.cpp:35:6:void SelectedGameDesignView::moveUp()	0	static
C:/TouchGFXProjects/20481/TouchGFX/gui/src/selectedgamedesign_screen/SelectedGameDesignView.cpp:124:6:void SelectedGameDesignView::onMoveUp()	0	static
C:/TouchGFXProjects/20481/TouchGFX/gui/src/selectedgamedesign_screen/SelectedGameDesignView.cpp:48:6:void SelectedGameDesignView::moveDown()	0	static
C:/TouchGFXProjects/20481/TouchGFX/gui/src/selectedgamedesign_screen/SelectedGameDesignView.cpp:132:6:void SelectedGameDesignView::onMoveDown()	0	static
