../../Middlewares/ST/touchgfx/framework/include/touchgfx/Application.hpp:72:18:virtual void touchgfx::Application::changeToStartScreen()	0	static
../../Middlewares/ST/touchgfx/framework/include/touchgfx/Application.hpp:91:18:virtual void touchgfx::Application::appSwitchScreen(uint8_t)	0	static
../../Middlewares/ST/touchgfx/framework/include/touchgfx/Application.hpp:104:18:virtual void touchgfx::Application::requestRedraw(touchgfx::Rect&)	0	static
../../Middlewares/ST/touchgfx/framework/include/touchgfx/transitions/Transition.hpp:72:18:virtual void touchgfx::Transition::tearDown()	0	static
../../Middlewares/ST/touchgfx/framework/include/touchgfx/transitions/Transition.hpp:80:18:virtual void touchgfx::Transition::init()	0	static
../../Middlewares/ST/touchgfx/framework/include/touchgfx/transitions/Transition.hpp:100:18:virtual void touchgfx::Transition::setScreenContainer(touchgfx::Container&)	0	static
../../Middlewares/ST/touchgfx/framework/include/mvp/MVPApplication.hpp:43:7:touchgfx::MVPApplication::~MVPApplication()	0	static
../../Middlewares/ST/touchgfx/framework/include/touchgfx/Callback.hpp:424:8:touchgfx::Callback<FrontendApplicationBase>::~Callback()	0	static
../../TouchGFX/generated/gui_generated/include/gui_generated/common/FrontendApplicationBase.hpp:16:13:FrontendApplicationBase::~FrontendApplicationBase()	0	static
../../TouchGFX/generated/gui_generated/include/gui_generated/common/FrontendApplicationBase.hpp:18:18:virtual void FrontendApplicationBase::changeToStartScreen()	0	static
../../Middlewares/ST/touchgfx/framework/include/touchgfx/transitions/NoTransition.hpp:35:18:virtual void touchgfx::NoTransition::handleTickEvent()	0	static
../../Middlewares/ST/touchgfx/framework/include/touchgfx/transitions/BlockTransition.hpp:101:18:virtual void touchgfx::BlockTransition::tearDown()	0	static
../../Middlewares/ST/touchgfx/framework/include/touchgfx/transitions/BlockTransition.hpp:105:18:virtual void touchgfx::BlockTransition::init()	0	static
../../Middlewares/ST/touchgfx/framework/include/touchgfx/transitions/BlockTransition.hpp:114:18:virtual void touchgfx::BlockTransition::invalidate()	0	static
../../Middlewares/ST/touchgfx/framework/include/touchgfx/transitions/SlideTransition.hpp:39:7:touchgfx::SlideTransition<touchgfx::EAST>::~SlideTransition()	0	static
../../Middlewares/ST/touchgfx/framework/include/touchgfx/transitions/CoverTransition.hpp:36:7:touchgfx::CoverTransition<touchgfx::EAST>::~CoverTransition()	0	static
../../Middlewares/ST/touchgfx/framework/include/touchgfx/transitions/WipeTransition.hpp:37:7:touchgfx::WipeTransition<touchgfx::EAST>::~WipeTransition()	0	static
../../Middlewares/ST/touchgfx/framework/include/touchgfx/transitions/BlockTransition.hpp:32:7:touchgfx::BlockTransition::~BlockTransition()	0	static
../../Middlewares/ST/touchgfx/framework/include/touchgfx/transitions/NoTransition.hpp:31:7:touchgfx::NoTransition::~NoTransition()	0	static
../../Middlewares/ST/touchgfx/framework/include/touchgfx/transitions/CoverTransition.hpp:163:18:void touchgfx::CoverTransition<templateDirection>::init() [with touchgfx::Direction templateDirection = touchgfx::EAST]	16	static
../../Middlewares/ST/touchgfx/framework/include/touchgfx/transitions/WipeTransition.hpp:144:18:void touchgfx::WipeTransition<templateDirection>::init() [with touchgfx::Direction templateDirection = touchgfx::EAST]	0	static
../../Middlewares/ST/touchgfx/framework/include/touchgfx/Callback.hpp:449:18:void touchgfx::Callback<dest_type, void, void, void>::execute() [with dest_type = FrontendApplicationBase]	4	static
../../Middlewares/ST/touchgfx/framework/include/touchgfx/Callback.hpp:459:18:bool touchgfx::Callback<dest_type, void, void, void>::isValid() const [with dest_type = FrontendApplicationBase]	0	static
../../Middlewares/ST/touchgfx/framework/include/touchgfx/transitions/BlockTransition.hpp:32:7:virtual touchgfx::BlockTransition::~BlockTransition()	8	static
../../Middlewares/ST/touchgfx/framework/include/touchgfx/transitions/NoTransition.hpp:31:7:virtual touchgfx::NoTransition::~NoTransition()	8	static
../../Middlewares/ST/touchgfx/framework/include/touchgfx/transitions/CoverTransition.hpp:36:7:virtual touchgfx::CoverTransition<touchgfx::EAST>::~CoverTransition()	8	static
../../Middlewares/ST/touchgfx/framework/include/touchgfx/transitions/WipeTransition.hpp:37:7:virtual touchgfx::WipeTransition<touchgfx::EAST>::~WipeTransition()	8	static
../../Middlewares/ST/touchgfx/framework/include/touchgfx/Callback.hpp:424:8:virtual touchgfx::Callback<FrontendApplicationBase>::~Callback()	8	static
../../Middlewares/ST/touchgfx/framework/include/mvp/MVPApplication.hpp:43:7:virtual touchgfx::MVPApplication::~MVPApplication()	8	static
../../TouchGFX/generated/gui_generated/include/gui_generated/common/FrontendApplicationBase.hpp:16:13:virtual FrontendApplicationBase::~FrontendApplicationBase()	8	static
../../Middlewares/ST/touchgfx/framework/include/touchgfx/transitions/SlideTransition.hpp:39:7:virtual touchgfx::SlideTransition<touchgfx::EAST>::~SlideTransition()	8	static
../../Middlewares/ST/touchgfx/framework/include/touchgfx/transitions/Transition.hpp:89:18:virtual void touchgfx::Transition::invalidate()	8	static
../../Middlewares/ST/touchgfx/framework/include/touchgfx/transitions/CoverTransition.hpp:187:18:void touchgfx::CoverTransition<templateDirection>::invalidate() [with touchgfx::Direction templateDirection = touchgfx::EAST]	8	static
../../Middlewares/ST/touchgfx/framework/include/touchgfx/transitions/WipeTransition.hpp:149:18:void touchgfx::WipeTransition<templateDirection>::invalidate() [with touchgfx::Direction templateDirection = touchgfx::EAST]	8	static
../../Middlewares/ST/touchgfx/framework/include/touchgfx/transitions/BlockTransition.hpp:62:18:virtual void touchgfx::BlockTransition::handleTickEvent()	216	static
../../Middlewares/ST/touchgfx/framework/include/touchgfx/transitions/WipeTransition.hpp:69:18:void touchgfx::WipeTransition<templateDirection>::handleTickEvent() [with touchgfx::Direction templateDirection = touchgfx::EAST]	16	static
../../Middlewares/ST/touchgfx/framework/include/touchgfx/transitions/CoverTransition.hpp:76:18:void touchgfx::CoverTransition<templateDirection>::handleTickEvent() [with touchgfx::Direction templateDirection = touchgfx::EAST]	24	static
../../Middlewares/ST/touchgfx/framework/include/touchgfx/transitions/SlideTransition.hpp:146:18:void touchgfx::SlideTransition<templateDirection>::tearDown() [with touchgfx::Direction templateDirection = touchgfx::EAST]	0	static
../../Middlewares/ST/touchgfx/framework/include/touchgfx/transitions/SlideTransition.hpp:154:18:void touchgfx::SlideTransition<templateDirection>::init() [with touchgfx::Direction templateDirection = touchgfx::EAST]	16	static
../../Middlewares/ST/touchgfx/framework/include/mvp/MVPApplication.hpp:59:18:virtual void touchgfx::MVPApplication::handlePendingScreenTransition()	8	static
../../Middlewares/ST/touchgfx/framework/include/touchgfx/transitions/SlideTransition.hpp:87:18:void touchgfx::SlideTransition<templateDirection>::handleTickEvent() [with touchgfx::Direction templateDirection = touchgfx::EAST]	16	static
../../Middlewares/ST/touchgfx/framework/include/touchgfx/hal/HAL.hpp:308:17:static touchgfx::LCD& touchgfx::HAL::lcd()	0	static
C:/Embedded/STM32F429ZIT6_Game2048/2048/20481/TouchGFX/generated/gui_generated/src/common/FrontendApplicationBase.cpp:31:1:FrontendApplicationBase::FrontendApplicationBase(Model&, FrontendHeap&)	24	static
C:/Embedded/STM32F429ZIT6_Game2048/2048/20481/TouchGFX/generated/gui_generated/src/common/FrontendApplicationBase.cpp:50:6:void FrontendApplicationBase::gotoChosing_modeScreenNoTransition()	0	static
C:/Embedded/STM32F429ZIT6_Game2048/2048/20481/TouchGFX/generated/gui_generated/src/common/FrontendApplicationBase.cpp:61:6:void FrontendApplicationBase::gotoChosing_modeScreenCoverTransitionEast()	0	static
C:/Embedded/STM32F429ZIT6_Game2048/2048/20481/TouchGFX/generated/gui_generated/src/common/FrontendApplicationBase.cpp:72:6:void FrontendApplicationBase::gotoChosing_modeScreenWipeTransitionEast()	0	static
C:/Embedded/STM32F429ZIT6_Game2048/2048/20481/TouchGFX/generated/gui_generated/src/common/FrontendApplicationBase.cpp:83:6:void FrontendApplicationBase::gotoChosing_modeScreenBlockTransition()	0	static
C:/Embedded/STM32F429ZIT6_Game2048/2048/20481/TouchGFX/generated/gui_generated/src/common/FrontendApplicationBase.cpp:96:6:void FrontendApplicationBase::gotoScreen5x5ScreenCoverTransitionEast()	0	static
C:/Embedded/STM32F429ZIT6_Game2048/2048/20481/TouchGFX/generated/gui_generated/src/common/FrontendApplicationBase.cpp:109:6:void FrontendApplicationBase::gotoScreen5x5_superMergingScreenSlideTransitionEast()	0	static
C:/Embedded/STM32F429ZIT6_Game2048/2048/20481/TouchGFX/generated/gui_generated/src/common/FrontendApplicationBase.cpp:122:6:void FrontendApplicationBase::gotoScreen3x3ScreenCoverTransitionEast()	0	static
C:/Embedded/STM32F429ZIT6_Game2048/2048/20481/TouchGFX/generated/gui_generated/src/common/FrontendApplicationBase.cpp:135:6:void FrontendApplicationBase::gotoMainScreenScreenCoverTransitionEast()	0	static
C:/Embedded/STM32F429ZIT6_Game2048/2048/20481/TouchGFX/generated/gui_generated/src/common/FrontendApplicationBase.cpp:148:6:void FrontendApplicationBase::gotoScreen5x5_letterMergingScreenSlideTransitionEast()	0	static
C:/Embedded/STM32F429ZIT6_Game2048/2048/20481/TouchGFX/generated/gui_generated/src/common/FrontendApplicationBase.cpp:161:6:void FrontendApplicationBase::gotoGameOverScreenScreenSlideTransitionEast()	0	static
C:/Embedded/STM32F429ZIT6_Game2048/2048/20481/TouchGFX/generated/gui_generated/src/common/FrontendApplicationBase.cpp:174:6:void FrontendApplicationBase::gotoSelectedGameDesignScreenSlideTransitionEast()	0	static
C:/Embedded/STM32F429ZIT6_Game2048/2048/20481/TouchGFX/generated/gui_generated/src/common/FrontendApplicationBase.cpp:185:6:void FrontendApplicationBase::gotoSelectedGameDesignScreenCoverTransitionEast()	0	static
../../Middlewares/ST/touchgfx/framework/include/common/AbstractPartition.hpp:135:8:T& touchgfx::AbstractPartition::at(uint16_t) [with T = Chosing_modeView]	0	static
../../Middlewares/ST/touchgfx/framework/include/common/AbstractPartition.hpp:135:8:T& touchgfx::AbstractPartition::at(uint16_t) [with T = Chosing_modePresenter]	0	static
C:/Embedded/STM32F429ZIT6_Game2048/2048/20481/TouchGFX/generated/gui_generated/src/common/FrontendApplicationBase.cpp:89:6:void FrontendApplicationBase::gotoChosing_modeScreenBlockTransitionImpl()	32	static
C:/Embedded/STM32F429ZIT6_Game2048/2048/20481/TouchGFX/generated/gui_generated/src/common/FrontendApplicationBase.cpp:78:6:void FrontendApplicationBase::gotoChosing_modeScreenWipeTransitionEastImpl()	40	static
C:/Embedded/STM32F429ZIT6_Game2048/2048/20481/TouchGFX/generated/gui_generated/src/common/FrontendApplicationBase.cpp:56:6:void FrontendApplicationBase::gotoChosing_modeScreenNoTransitionImpl()	40	static
../../Middlewares/ST/touchgfx/framework/include/common/AbstractPartition.hpp:135:8:T& touchgfx::AbstractPartition::at(uint16_t) [with T = touchgfx::CoverTransition<touchgfx::EAST>]	0	static
../../Middlewares/ST/touchgfx/framework/include/touchgfx/transitions/CoverTransition.hpp:44:5:touchgfx::CoverTransition<templateDirection>::CoverTransition(uint8_t) [with touchgfx::Direction templateDirection = touchgfx::EAST]	8	static
C:/Embedded/STM32F429ZIT6_Game2048/2048/20481/TouchGFX/generated/gui_generated/src/common/FrontendApplicationBase.cpp:191:6:void FrontendApplicationBase::gotoSelectedGameDesignScreenCoverTransitionEastImpl()	32	static
C:/Embedded/STM32F429ZIT6_Game2048/2048/20481/TouchGFX/generated/gui_generated/src/common/FrontendApplicationBase.cpp:141:6:void FrontendApplicationBase::gotoMainScreenScreenCoverTransitionEastImpl()	32	static
C:/Embedded/STM32F429ZIT6_Game2048/2048/20481/TouchGFX/generated/gui_generated/src/common/FrontendApplicationBase.cpp:128:6:void FrontendApplicationBase::gotoScreen3x3ScreenCoverTransitionEastImpl()	32	static
C:/Embedded/STM32F429ZIT6_Game2048/2048/20481/TouchGFX/generated/gui_generated/src/common/FrontendApplicationBase.cpp:102:6:void FrontendApplicationBase::gotoScreen5x5ScreenCoverTransitionEastImpl()	32	static
C:/Embedded/STM32F429ZIT6_Game2048/2048/20481/TouchGFX/generated/gui_generated/src/common/FrontendApplicationBase.cpp:67:6:void FrontendApplicationBase::gotoChosing_modeScreenCoverTransitionEastImpl()	32	static
../../Middlewares/ST/touchgfx/framework/include/common/AbstractPartition.hpp:135:8:T& touchgfx::AbstractPartition::at(uint16_t) [with T = touchgfx::SlideTransition<touchgfx::EAST>]	0	static
../../Middlewares/ST/touchgfx/framework/include/touchgfx/transitions/SlideTransition.hpp:47:5:touchgfx::SlideTransition<templateDirection>::SlideTransition(uint8_t) [with touchgfx::Direction templateDirection = touchgfx::EAST]	24	static
C:/Embedded/STM32F429ZIT6_Game2048/2048/20481/TouchGFX/generated/gui_generated/src/common/FrontendApplicationBase.cpp:180:6:void FrontendApplicationBase::gotoSelectedGameDesignScreenSlideTransitionEastImpl()	32	static
C:/Embedded/STM32F429ZIT6_Game2048/2048/20481/TouchGFX/generated/gui_generated/src/common/FrontendApplicationBase.cpp:167:6:void FrontendApplicationBase::gotoGameOverScreenScreenSlideTransitionEastImpl()	32	static
C:/Embedded/STM32F429ZIT6_Game2048/2048/20481/TouchGFX/generated/gui_generated/src/common/FrontendApplicationBase.cpp:154:6:void FrontendApplicationBase::gotoScreen5x5_letterMergingScreenSlideTransitionEastImpl()	32	static
C:/Embedded/STM32F429ZIT6_Game2048/2048/20481/TouchGFX/generated/gui_generated/src/common/FrontendApplicationBase.cpp:115:6:void FrontendApplicationBase::gotoScreen5x5_superMergingScreenSlideTransitionEastImpl()	32	static
